2016/01/11 23:03:24 [error] 11556#11540: *1 CreateFile() "H:/myProgram/favicon.ico" failed (2: The system cannot find the file specified), client: 192.168.1.115, server: rancheng.xbniao.com, request: "GET /favicon.ico HTTP/1.1", host: "rancheng.xbniao.com", referrer: "http://rancheng.xbniao.com/ajax.html"
2016/01/11 23:25:45 [error] 11556#11540: *42 CreateFile() "H:/myProgram/favicon.ico" failed (2: The system cannot find the file specified), client: 192.168.1.115, server: rancheng.xbniao.com, request: "GET /favicon.ico HTTP/1.1", host: "rancheng.xbniao.com"
2016/01/11 23:26:16 [error] 11556#11540: *42 CreateFile() "H:/myProgram/favicon.ico" failed (2: The system cannot find the file specified), client: 192.168.1.115, server: rancheng.xbniao.com, request: "GET /favicon.ico HTTP/1.1", host: "rancheng.xbniao.com"
2016/01/11 23:40:41 [error] 14464#13692: *1 CreateFile() "D:\App\nginx\nginx-1.7.4/html/a.txt" failed (2: The system cannot find the file specified), client: 192.168.1.115, server: rancheng.xbniao.com, request: "POST /a.txt HTTP/1.1", host: "rancheng.xbniao.com", referrer: "http://rancheng.xbniao.com/ajax.html"
2016/01/11 23:40:42 [error] 14464#13692: *1 CreateFile() "D:\App\nginx\nginx-1.7.4/html/a.txt" failed (2: The system cannot find the file specified), client: 192.168.1.115, server: rancheng.xbniao.com, request: "POST /a.txt HTTP/1.1", host: "rancheng.xbniao.com", referrer: "http://rancheng.xbniao.com/ajax.html"
2016/01/11 23:40:45 [error] 14464#13692: *1 CreateFile() "D:\App\nginx\nginx-1.7.4/html/a.txt" failed (2: The system cannot find the file specified), client: 192.168.1.115, server: rancheng.xbniao.com, request: "POST /a.txt HTTP/1.1", host: "rancheng.xbniao.com", referrer: "http://rancheng.xbniao.com/ajax.html"
2016/01/11 23:41:06 [error] 14464#13692: *1 CreateFile() "D:\App\nginx\nginx-1.7.4/html/a.txt" failed (2: The system cannot find the file specified), client: 192.168.1.115, server: rancheng.xbniao.com, request: "POST /a.txt HTTP/1.1", host: "rancheng.xbniao.com", referrer: "http://rancheng.xbniao.com/ajax.html"
2016/01/11 23:41:10 [error] 14464#13692: *1 CreateFile() "D:\App\nginx\nginx-1.7.4/html/a.txt" failed (2: The system cannot find the file specified), client: 192.168.1.115, server: rancheng.xbniao.com, request: "POST /a.txt HTTP/1.1", host: "rancheng.xbniao.com", referrer: "http://rancheng.xbniao.com/ajax.html"
2016/01/11 23:41:10 [error] 14464#13692: *1 CreateFile() "H:/myProgram/favicon.ico" failed (2: The system cannot find the file specified), client: 192.168.1.115, server: rancheng.xbniao.com, request: "GET /favicon.ico HTTP/1.1", host: "rancheng.xbniao.com", referrer: "http://rancheng.xbniao.com/ajax.html"
2016/01/11 23:43:05 [error] 12920#14820: *1 CreateFile() "D:/opt/htdocs/a.txt" failed (3: The system cannot find the path specified), client: 192.168.1.115, server: rancheng.xbniao.com, request: "POST /a.txt HTTP/1.1", host: "rancheng.xbniao.com", referrer: "http://rancheng.xbniao.com/ajax.html"
2016/01/11 23:43:08 [error] 12920#14820: *1 CreateFile() "D:/opt/htdocs/a.txt" failed (3: The system cannot find the path specified), client: 192.168.1.115, server: rancheng.xbniao.com, request: "POST /a.txt HTTP/1.1", host: "rancheng.xbniao.com", referrer: "http://rancheng.xbniao.com/ajax.html"
2016/01/11 23:43:12 [error] 12920#14820: *1 CreateFile() "D:/opt/htdocs/a.txt" failed (3: The system cannot find the path specified), client: 192.168.1.115, server: rancheng.xbniao.com, request: "POST /a.txt HTTP/1.1", host: "rancheng.xbniao.com", referrer: "http://rancheng.xbniao.com/ajax.html"
2016/01/11 23:43:12 [error] 12920#14820: *1 CreateFile() "H:/myProgram/favicon.ico" failed (2: The system cannot find the file specified), client: 192.168.1.115, server: rancheng.xbniao.com, request: "GET /favicon.ico HTTP/1.1", host: "rancheng.xbniao.com", referrer: "http://rancheng.xbniao.com/ajax.html"
2016/01/11 23:44:02 [error] 12920#14820: *1 CreateFile() "D:/opt/htdocs/a.txt" failed (3: The system cannot find the path specified), client: 192.168.1.115, server: rancheng.xbniao.com, request: "POST /a.txt HTTP/1.1", host: "rancheng.xbniao.com", referrer: "http://rancheng.xbniao.com/ajax.html"
2016/01/11 23:44:03 [error] 12920#14820: *1 CreateFile() "D:/opt/htdocs/a.json" failed (3: The system cannot find the path specified), client: 192.168.1.115, server: rancheng.xbniao.com, request: "POST /a.json HTTP/1.1", host: "rancheng.xbniao.com", referrer: "http://rancheng.xbniao.com/ajax.html"
2016/01/25 20:57:56 [emerg] 9560#9564: bind() to 0.0.0.0:80 failed (10013: An attempt was made to access a socket in a way forbidden by its access permissions)
2016/02/16 17:13:57 [error] 5524#5276: *1 CreateFile() "D:/test/auto/a/favicon.ico" failed (2: The system cannot find the file specified), client: 127.0.0.1, server: 192.168.1.107, request: "GET /favicon.ico HTTP/1.1", host: "localhost:9000", referrer: "http://localhost:9000/"
2016/02/16 17:39:45 [error] 9172#9204: *1 CreateFile() "D:/test/auto/a/favicon.ico" failed (2: The system cannot find the file specified), client: 192.168.1.107, server: 192.168.1.107, request: "GET /favicon.ico HTTP/1.1", host: "192.168.1.107:8080", referrer: "http://192.168.1.107:8080/"
2016/02/16 17:40:05 [error] 9172#9204: *2 directory index of "D:/test/auto/a/remote/" is forbidden, client: 192.168.1.107, server: 192.168.1.107, request: "GET /remote/ HTTP/1.1", host: "192.168.1.107:8080"
2016/02/16 17:42:10 [error] 9172#9204: *7 CreateFile() "D:/test/auto/a/favicon.ico" failed (2: The system cannot find the file specified), client: 192.168.1.108, server: 192.168.1.107, request: "GET /favicon.ico HTTP/1.1", host: "192.168.1.107:8080"
2016/02/27 21:48:50 [error] 5180#5860: *1 CreateFile() "D:/test/auto/a/favicon.ico" failed (2: The system cannot find the file specified), client: 192.168.1.115, server: 192.168.1.107, request: "GET /favicon.ico HTTP/1.1", host: "rancheng.xbniao.com:8080", referrer: "http://rancheng.xbniao.com:8080/"
2017/02/05 09:24:23 [error] 5756#3632: *1 directory index of "F:/root/" is forbidden, client: 192.168.0.102, server: 192.168.1.102, request: "GET / HTTP/1.1", host: "192.168.0.102:8080"
2017/02/05 09:24:23 [error] 5756#3632: *1 CreateFile() "F:/root/favicon.ico" failed (2: The system cannot find the file specified), client: 192.168.0.102, server: 192.168.1.102, request: "GET /favicon.ico HTTP/1.1", host: "192.168.0.102:8080", referrer: "http://192.168.0.102:8080/"
2017/02/11 14:58:07 [error] 5356#776: *1 directory index of "F:/root/" is forbidden, client: 127.0.0.1, server: 192.168.1.102, request: "GET / HTTP/1.1", host: "127.0.0.1:8080"
2017/02/11 14:58:08 [error] 5356#776: *1 CreateFile() "F:/root/favicon.ico" failed (2: The system cannot find the file specified), client: 127.0.0.1, server: 192.168.1.102, request: "GET /favicon.ico HTTP/1.1", host: "127.0.0.1:8080", referrer: "http://127.0.0.1:8080/"
2017/02/12 10:37:42 [error] 4280#4784: *1 CreateFile() "F:/root/react-redux-master/redux2/front/dist/inde.html" failed (2: The system cannot find the file specified), client: 127.0.0.1, server: 192.168.1.102, request: "GET /react-redux-master/redux2/front/dist/inde.html HTTP/1.1", host: "127.0.0.1:8080"
2017/02/12 10:37:42 [error] 4280#4784: *1 CreateFile() "F:/root/favicon.ico" failed (2: The system cannot find the file specified), client: 127.0.0.1, server: 192.168.1.102, request: "GET /favicon.ico HTTP/1.1", host: "127.0.0.1:8080", referrer: "http://127.0.0.1:8080/react-redux-master/redux2/front/dist/inde.html"
2017/02/12 10:38:30 [error] 4280#4784: *1 CreateFile() "F:/root/react-redux-master/redux2/front/dist/inde.html" failed (2: The system cannot find the file specified), client: 127.0.0.1, server: 192.168.1.102, request: "GET /react-redux-master/redux2/front/dist/inde.html HTTP/1.1", host: "127.0.0.1:8080"
2017/02/12 10:38:34 [error] 4280#4784: *1 directory index of "F:/root/" is forbidden, client: 127.0.0.1, server: 192.168.1.102, request: "GET / HTTP/1.1", host: "127.0.0.1:8080"
2017/02/19 10:39:39 [error] 5044#7028: *1 directory index of "F:/root/" is forbidden, client: 127.0.0.1, server: 192.168.1.102, request: "GET / HTTP/1.1", host: "127.0.0.1:8080"
2017/02/19 10:39:39 [error] 5044#7028: *1 CreateFile() "F:/root/favicon.ico" failed (2: The system cannot find the file specified), client: 127.0.0.1, server: 192.168.1.102, request: "GET /favicon.ico HTTP/1.1", host: "127.0.0.1:8080", referrer: "http://127.0.0.1:8080/"
2017/02/19 10:50:19 [error] 5044#7028: *6 CreateFile() "F:/root/redux2/front/dist/index.html" failed (2: The system cannot find the file specified), client: 127.0.0.1, server: 192.168.1.102, request: "GET /redux2/front/dist/index.html HTTP/1.1", host: "127.0.0.1:8080"
2017/02/19 10:58:40 [error] 5044#7028: *12 directory index of "F:/root/" is forbidden, client: 127.0.0.1, server: 192.168.1.102, request: "GET / HTTP/1.1", host: "127.0.0.1:8080"
2017/02/27 16:24:14 [error] 11780#10092: *1 directory index of "H:/work/" is forbidden, client: 192.168.0.109, server: 192.168.1.109, request: "GET / HTTP/1.1", host: "192.168.0.109:8080"
2017/02/27 16:24:14 [error] 11780#10092: *1 CreateFile() "H:/work/favicon.ico" failed (2: The system cannot find the file specified), client: 192.168.0.109, server: 192.168.1.109, request: "GET /favicon.ico HTTP/1.1", host: "192.168.0.109:8080", referrer: "http://192.168.0.109:8080/"
2017/02/27 17:36:04 [error] 11780#10092: *39 "H:/work/piaojia/Qianjia/1/index.html" is not found (3: The system cannot find the path specified), client: 192.168.0.109, server: 192.168.1.109, request: "GET /piaojia/Qianjia/1/ HTTP/1.1", host: "192.168.0.109:8080"
2017/02/27 17:36:08 [error] 11780#10092: *39 "H:/work/piaojia/Qianjia/1/index.html" is not found (3: The system cannot find the path specified), client: 192.168.0.109, server: 192.168.1.109, request: "GET /piaojia/Qianjia/1/ HTTP/1.1", host: "192.168.0.109:8080"
2017/02/28 16:40:44 [error] 6336#6792: *1 directory index of "H:/work/" is forbidden, client: 192.168.0.109, server: 192.168.1.109, request: "GET / HTTP/1.1", host: "192.168.0.109:8080"
2017/02/28 16:40:44 [error] 6336#6792: *1 CreateFile() "H:/work/favicon.ico" failed (2: The system cannot find the file specified), client: 192.168.0.109, server: 192.168.1.109, request: "GET /favicon.ico HTTP/1.1", host: "192.168.0.109:8080", referrer: "http://192.168.0.109:8080/"
2017/02/28 17:55:02 [error] 6336#6792: *7 directory index of "H:/work/" is forbidden, client: 192.168.0.109, server: 192.168.1.109, request: "GET / HTTP/1.1", host: "192.168.0.109:8080"
2017/03/01 17:03:12 [error] 7504#4988: *1 directory index of "H:/work/" is forbidden, client: 192.168.0.109, server: 192.168.1.109, request: "GET / HTTP/1.1", host: "192.168.0.109:8080"
2017/03/01 17:03:12 [error] 7504#4988: *1 directory index of "H:/work/" is forbidden, client: 192.168.0.109, server: 192.168.1.109, request: "GET / HTTP/1.1", host: "192.168.0.109:8080"
2017/03/01 17:03:12 [error] 7504#4988: *1 CreateFile() "H:/work/favicon.ico" failed (2: The system cannot find the file specified), client: 192.168.0.109, server: 192.168.1.109, request: "GET /favicon.ico HTTP/1.1", host: "192.168.0.109:8080", referrer: "http://192.168.0.109:8080/"
2017/03/01 17:03:22 [error] 7504#4988: *1 CreateFile() "H:/work/index.html" failed (2: The system cannot find the file specified), client: 192.168.0.109, server: 192.168.1.109, request: "GET /index.html HTTP/1.1", host: "192.168.0.109:8080"
2017/03/01 17:04:50 [error] 7504#4988: *12 CreateFile() "H:/work/index.html" failed (2: The system cannot find the file specified), client: 192.168.0.109, server: 192.168.1.109, request: "GET /index.html HTTP/1.1", host: "192.168.0.109:8080"
2017/03/01 17:04:51 [error] 7504#4988: *12 CreateFile() "H:/work/index.html" failed (2: The system cannot find the file specified), client: 192.168.0.109, server: 192.168.1.109, request: "GET /index.html HTTP/1.1", host: "192.168.0.109:8080"
2017/03/01 17:04:54 [error] 7504#4988: *12 CreateFile() "H:/work/index.html" failed (2: The system cannot find the file specified), client: 192.168.0.109, server: 192.168.1.109, request: "GET /index.html HTTP/1.1", host: "192.168.0.109:8080"
2017/03/02 10:58:37 [error] 12260#5476: *1 directory index of "H:/work/" is forbidden, client: 192.168.0.109, server: 192.168.1.109, request: "GET / HTTP/1.1", host: "192.168.0.109:8080"
2017/03/02 10:58:37 [error] 12260#5476: *1 directory index of "H:/work/" is forbidden, client: 192.168.0.109, server: 192.168.1.109, request: "GET / HTTP/1.1", host: "192.168.0.109:8080"
2017/03/02 10:58:42 [error] 12260#5476: *1 "H:/work/ios/index.html" is not found (3: The system cannot find the path specified), client: 192.168.0.109, server: 192.168.1.109, request: "GET /ios/ HTTP/1.1", host: "192.168.0.109:8080"
2017/03/02 10:58:42 [error] 12260#5476: *1 CreateFile() "H:/work/favicon.ico" failed (2: The system cannot find the file specified), client: 192.168.0.109, server: 192.168.1.109, request: "GET /favicon.ico HTTP/1.1", host: "192.168.0.109:8080", referrer: "http://192.168.0.109:8080/ios/"
2017/03/02 11:01:04 [error] 12260#5476: *4 CreateFile() "H:/work/favicon.ico" failed (2: The system cannot find the file specified), client: 192.168.0.186, server: 192.168.1.109, request: "GET /favicon.ico HTTP/1.1", host: "192.168.0.109:8080"
2017/03/02 11:01:33 [error] 12260#5476: *4 CreateFile() "H:/work/favicon.ico" failed (2: The system cannot find the file specified), client: 192.168.0.186, server: 192.168.1.109, request: "GET /favicon.ico HTTP/1.1", host: "192.168.0.109:8080"
2017/03/02 14:42:25 [error] 12260#5476: *41 directory index of "H:/work/" is forbidden, client: 127.0.0.1, server: 192.168.1.109, request: "GET / HTTP/1.1", host: "localhost:8080"
2017/03/02 14:42:25 [error] 12260#5476: *41 CreateFile() "H:/work/favicon.ico" failed (2: The system cannot find the file specified), client: 127.0.0.1, server: 192.168.1.109, request: "GET /favicon.ico HTTP/1.1", host: "localhost:8080", referrer: "http://localhost:8080/"
2017/03/06 18:45:33 [emerg] 4400#6824: bind() to 0.0.0.0:8080 failed (10013: An attempt was made to access a socket in a way forbidden by its access permissions)
2017/03/06 18:47:07 [error] 9056#6376: *1 directory index of "H:/work/" is forbidden, client: 192.168.0.109, server: 192.168.1.109, request: "GET / HTTP/1.1", host: "192.168.0.109:8389"
2017/03/06 18:47:07 [error] 9056#6376: *1 CreateFile() "H:/work/favicon.ico" failed (2: The system cannot find the file specified), client: 192.168.0.109, server: 192.168.1.109, request: "GET /favicon.ico HTTP/1.1", host: "192.168.0.109:8389", referrer: "http://192.168.0.109:8389/"
2017/03/06 18:48:25 [error] 9056#6376: *3 "H:/work/tele/index.html" is not found (3: The system cannot find the path specified), client: 192.168.0.109, server: 192.168.1.109, request: "GET /tele/ HTTP/1.1", host: "192.168.0.109:8389"
2017/03/06 18:48:32 [error] 9056#6376: *3 CreateFile() "H:/work/tele/index.html" failed (3: The system cannot find the path specified), client: 192.168.0.109, server: 192.168.1.109, request: "GET /tele/index.html HTTP/1.1", host: "192.168.0.109:8389"
2017/03/06 18:48:49 [error] 9056#6376: *3 CreateFile() "H:/work/tele/index.html" failed (3: The system cannot find the path specified), client: 192.168.0.109, server: 192.168.1.109, request: "GET /tele/index.html HTTP/1.1", host: "192.168.0.109:8389"
2017/03/06 18:48:52 [error] 9056#6376: *3 directory index of "H:/work/" is forbidden, client: 192.168.0.109, server: 192.168.1.109, request: "GET / HTTP/1.1", host: "192.168.0.109:8389"
2017/03/07 16:12:38 [error] 13328#14620: *1 CreateFile() "H:/test/webpack-react-redux2/frontEnd/dist/favicon.ico" failed (2: The system cannot find the file specified), client: 127.0.0.1, server: 192.168.1.109, request: "GET /favicon.ico HTTP/1.1", host: "localhost:8389", referrer: "http://localhost:8389/"
2017/03/07 16:22:35 [error] 13328#14620: *10 CreateFile() "H:/test/webpack-react-redux2/frontEnd/dist/productList" failed (2: The system cannot find the file specified), client: 127.0.0.1, server: 192.168.1.109, request: "GET /productList HTTP/1.1", host: "localhost:8389"
2017/03/07 16:22:41 [error] 13328#14620: *10 CreateFile() "H:/test/webpack-react-redux2/frontEnd/dist/login" failed (2: The system cannot find the file specified), client: 127.0.0.1, server: 192.168.1.109, request: "GET /login HTTP/1.1", host: "localhost:8389"
2017/03/07 16:22:44 [error] 13328#14620: *10 CreateFile() "H:/test/webpack-react-redux2/frontEnd/dist/login" failed (2: The system cannot find the file specified), client: 127.0.0.1, server: 192.168.1.109, request: "GET /login HTTP/1.1", host: "localhost:8389"
2017/03/07 16:22:59 [error] 13328#14620: *10 CreateFile() "H:/test/webpack-react-redux2/frontEnd/dist/login" failed (2: The system cannot find the file specified), client: 127.0.0.1, server: 192.168.1.109, request: "GET /login HTTP/1.1", host: "localhost:8389"
2017/03/07 16:23:00 [error] 13328#14620: *10 CreateFile() "H:/test/webpack-react-redux2/frontEnd/dist/login" failed (2: The system cannot find the file specified), client: 127.0.0.1, server: 192.168.1.109, request: "GET /login HTTP/1.1", host: "localhost:8389"
2017/03/10 16:23:32 [error] 12564#10880: *30 CreateFile() "H:/test/webpack-react-redux2/frontEnd/dist/favicon.ico" failed (2: The system cannot find the file specified), client: 127.0.0.1, server: 192.168.1.109, request: "GET /favicon.ico HTTP/1.1", host: "localhost:8389", referrer: "http://localhost:8389/"
2017/03/10 16:25:37 [error] 15820#16604: *1 CreateFile() "H:/test/webpack-react-redux2/frontEnd/dist/favicon.ico" failed (2: The system cannot find the file specified), client: 192.168.0.109, server: 192.168.1.109, request: "GET /favicon.ico HTTP/1.1", host: "192.168.0.109:8389", referrer: "http://192.168.0.109:8389/"
2017/03/10 16:33:00 [error] 15820#16604: *3 CreateFile() "H:/test/webpack-react-redux2/frontEnd/dist/regist.html" failed (2: The system cannot find the file specified), client: 192.168.0.109, server: 192.168.1.109, request: "GET /regist.html HTTP/1.1", host: "192.168.0.109:8389", referrer: "http://192.168.0.109:8389/"
2017/03/10 16:33:18 [error] 15820#16604: *3 CreateFile() "H:/test/webpack-react-redux2/frontEnd/dist/js/jquery-1.11.1.min.js" failed (3: The system cannot find the path specified), client: 192.168.0.109, server: 192.168.1.109, request: "GET /js/jquery-1.11.1.min.js HTTP/1.1", host: "192.168.0.109:8389", referrer: "http://192.168.0.109:8389/regist.html"
2017/03/10 16:33:18 [error] 15820#16604: *4 CreateFile() "H:/test/webpack-react-redux2/frontEnd/dist/img/header.jpg" failed (3: The system cannot find the path specified), client: 192.168.0.109, server: 192.168.1.109, request: "GET /img/header.jpg HTTP/1.1", host: "192.168.0.109:8389", referrer: "http://192.168.0.109:8389/regist.html"
2017/03/10 16:33:18 [error] 15820#16604: *4 CreateFile() "H:/test/webpack-react-redux2/frontEnd/dist/img/info.jpg" failed (3: The system cannot find the path specified), client: 192.168.0.109, server: 192.168.1.109, request: "GET /img/info.jpg HTTP/1.1", host: "192.168.0.109:8389", referrer: "http://192.168.0.109:8389/regist.html"
2017/03/10 16:33:18 [error] 15820#16604: *4 CreateFile() "H:/test/webpack-react-redux2/frontEnd/dist/img/footer.jpg" failed (3: The system cannot find the path specified), client: 192.168.0.109, server: 192.168.1.109, request: "GET /img/footer.jpg HTTP/1.1", host: "192.168.0.109:8389", referrer: "http://192.168.0.109:8389/regist.html"
2017/03/13 18:00:29 [error] 13348#16320: *1 CreateFile() "H:/test/webpack-react-redux2/frontEnd/dist/favicon.ico" failed (2: The system cannot find the file specified), client: 192.168.0.109, server: 192.168.1.109, request: "GET /favicon.ico HTTP/1.1", host: "192.168.0.109:8389", referrer: "http://192.168.0.109:8389/"
2017/03/13 18:01:15 [error] 13348#16320: *1 CreateFile() "H:/test/webpack-react-redux2/frontEnd/dist/antd" failed (2: The system cannot find the file specified), client: 192.168.0.109, server: 192.168.1.109, request: "GET /antd HTTP/1.1", host: "192.168.0.109:8389"
2017/03/13 18:02:02 [error] 13348#16320: *1 CreateFile() "H:/test/webpack-react-redux2/frontEnd/dist/antd" failed (2: The system cannot find the file specified), client: 192.168.0.109, server: 192.168.1.109, request: "GET /antd HTTP/1.1", host: "192.168.0.109:8389"
2017/03/13 18:02:03 [error] 13348#16320: *1 CreateFile() "H:/test/webpack-react-redux2/frontEnd/dist/antd" failed (2: The system cannot find the file specified), client: 192.168.0.109, server: 192.168.1.109, request: "GET /antd HTTP/1.1", host: "192.168.0.109:8389"
2017/03/13 18:02:04 [error] 13348#16320: *1 CreateFile() "H:/test/webpack-react-redux2/frontEnd/dist/antd" failed (2: The system cannot find the file specified), client: 192.168.0.109, server: 192.168.1.109, request: "GET /antd HTTP/1.1", host: "192.168.0.109:8389"
2017/03/13 18:02:05 [error] 13348#16320: *1 CreateFile() "H:/test/webpack-react-redux2/frontEnd/dist/antd" failed (2: The system cannot find the file specified), client: 192.168.0.109, server: 192.168.1.109, request: "GET /antd HTTP/1.1", host: "192.168.0.109:8389"
2017/03/21 18:00:12 [error] 1588#3668: *2 CreateFile() "H:/work/YYJC/Qianjia/frontEnd/dist/favicon.ico" failed (2: The system cannot find the file specified), client: 192.168.0.109, server: 192.168.0.109, request: "GET /favicon.ico HTTP/1.1", host: "192.168.0.109:8389", referrer: "http://192.168.0.109:8389/"
2017/03/21 18:00:24 [error] 1588#3668: *2 CreateFile() "H:/work/YYJC/Qianjia/frontEnd/dist/module3" failed (2: The system cannot find the file specified), client: 192.168.0.109, server: 192.168.0.109, request: "GET /module3 HTTP/1.1", host: "192.168.0.109:8389"
2017/03/21 18:00:35 [error] 1588#3668: *2 CreateFile() "H:/work/YYJC/Qianjia/frontEnd/dist/module3" failed (2: The system cannot find the file specified), client: 192.168.0.109, server: 192.168.0.109, request: "GET /module3 HTTP/1.1", host: "192.168.0.109:8389"
2017/03/21 18:00:38 [error] 1588#3668: *2 CreateFile() "H:/work/YYJC/Qianjia/frontEnd/dist/module3" failed (2: The system cannot find the file specified), client: 192.168.0.109, server: 192.168.0.109, request: "GET /module3 HTTP/1.1", host: "192.168.0.109:8389"
2017/04/06 16:36:03 [error] 10624#7220: *1 rewrite or internal redirection cycle while internally redirecting to "/index.html", client: 192.168.0.109, server: 192.168.0.109, request: "GET / HTTP/1.1", host: "192.168.0.109:8389"
2017/04/06 16:36:03 [error] 10624#7220: *2 rewrite or internal redirection cycle while internally redirecting to "/index.html", client: 192.168.0.109, server: 192.168.0.109, request: "GET /favicon.ico HTTP/1.1", host: "192.168.0.109:8389", referrer: "http://192.168.0.109:8389/"
2017/04/06 16:36:10 [error] 10624#7220: *3 rewrite or internal redirection cycle while internally redirecting to "/index.html", client: 192.168.0.109, server: 192.168.0.109, request: "GET / HTTP/1.1", host: "192.168.0.109:8389"
2017/04/06 16:36:10 [error] 10624#7220: *4 rewrite or internal redirection cycle while internally redirecting to "/index.html", client: 192.168.0.109, server: 192.168.0.109, request: "GET /favicon.ico HTTP/1.1", host: "192.168.0.109:8389", referrer: "http://192.168.0.109:8389/"
2017/04/19 13:23:43 [error] 6464#6572: *1 rewrite or internal redirection cycle while internally redirecting to "/index.html", client: 192.168.0.173, server: 192.168.0.173, request: "GET / HTTP/1.1", host: "192.168.0.173:8389"
2017/04/19 13:23:44 [error] 6464#6572: *2 rewrite or internal redirection cycle while internally redirecting to "/index.html", client: 192.168.0.173, server: 192.168.0.173, request: "GET /favicon.ico HTTP/1.1", host: "192.168.0.173:8389", referrer: "http://192.168.0.173:8389/"
2017/04/19 13:23:56 [error] 6464#6572: *3 rewrite or internal redirection cycle while internally redirecting to "/index.html", client: 192.168.0.173, server: 192.168.0.173, request: "GET /module3 HTTP/1.1", host: "192.168.0.173:8389"
2017/04/19 13:23:56 [error] 6464#6572: *4 rewrite or internal redirection cycle while internally redirecting to "/index.html", client: 192.168.0.173, server: 192.168.0.173, request: "GET /favicon.ico HTTP/1.1", host: "192.168.0.173:8389", referrer: "http://192.168.0.173:8389/module3"
